C51 COMPILER V9.54   DELAY1MS                                                              01/16/2023 12:48:12 PAGE 1   


C51 COMPILER V9.54, COMPILATION OF MODULE DELAY1MS
OBJECT MODULE PLACED IN .\Objects\Delay1ms.obj
COMPILER INVOKED BY: D:\keil5\C51\BIN\C51.EXE Delay1ms.c OPTIMIZE(8,SPEED) BROWSE DEBUG OBJECTEXTEND PRINT(.\Listings\De
                    -lay1ms.lst) TABS(2) OBJECT(.\Objects\Delay1ms.obj)

line level    source

   1          #include <intrins.h>
   2          void Delay1ms(unsigned char xms)    //@11.0592MHz
   3          {
   4   1        unsigned char i, j;
   5   1      
   6   1        _nop_();
   7   1        while(xms)
   8   1        {
   9   2            i = 2;
  10   2          j = 199;
  11   2          do
  12   2          {
  13   3            while (--j);
  14   3          } while (--i);
  15   2          xms--;
  16   2        }
  17   1      }


MODULE INFORMATION:   STATIC OVERLAYABLE
   CODE SIZE        =     16    ----
   CONSTANT SIZE    =   ----    ----
   XDATA SIZE       =   ----    ----
   PDATA SIZE       =   ----    ----
   DATA SIZE        =   ----    ----
   IDATA SIZE       =   ----    ----
   BIT SIZE         =   ----    ----
END OF MODULE INFORMATION.


C51 COMPILATION COMPLETE.  0 WARNING(S),  0 ERROR(S)
